// Jest Snapshot v1, https://goo.gl/fbAQLP

exports[`RadialMenu renders without crashing 1`] = `
<View
  className="items-center justify-center overflow-visible"
  pointerEvents="box-none"
  style={
    [
      undefined,
      {
        "backgroundColor": "transparent",
      },
    ]
  }
>
  <View
    style={
      [
        {},
        {
          "backgroundColor": "#000",
          "height": 2668,
          "pointerEvents": "none",
          "position": "absolute",
          "width": 1500,
          "zIndex": 500,
        },
      ]
    }
  />
  <View
    style={
      [
        {},
        {
          "backgroundColor": "lightgray",
          "borderRadius": 100,
          "bottom": -70,
          "height": 200,
          "position": "absolute",
          "width": 200,
          "zIndex": 1000,
        },
      ]
    }
  />
  <View
    className="absolute w-[52px] h-[52px] items-center justify-center"
    style={{}}
  >
    <View
      style={
        [
          {
            "elevation": 8,
            "shadowColor": "#000",
            "shadowOffset": {
              "height": 6,
              "width": 6,
            },
            "shadowOpacity": 0.3,
            "shadowRadius": 5,
          },
          {},
          {
            "alignItems": "center",
            "backgroundColor": "lightgray",
            "borderRadius": 26,
            "height": 52,
            "justifyContent": "center",
            "overflow": "hidden",
            "width": 52,
          },
        ]
      }
    >
      <ViewManagerAdapter_ExpoLinearGradient
        colors={
          [
            3875207930,
            231525580,
          ]
        }
        endPoint={
          [
            1,
            1,
          ]
        }
        locations={
          [
            0.3,
            1,
          ]
        }
        startPoint={
          [
            0,
            0,
          ]
        }
        style={
          {
            "bottom": 0,
            "left": 0,
            "position": "absolute",
            "right": 0,
            "top": 0,
          }
        }
      />
      <View
        style={
          [
            {
              "bottom": 0,
              "left": 0,
              "position": "absolute",
              "right": 0,
              "top": 0,
            },
            {},
          ]
        }
      >
        <ViewManagerAdapter_ExpoLinearGradient
          colors={
            [
              3875207930,
              231525580,
            ]
          }
          endPoint={
            [
              1,
              1,
            ]
          }
          locations={
            [
              0.5,
              1,
            ]
          }
          startPoint={
            [
              0,
              0,
            ]
          }
          style={
            {
              "flex": 1,
            }
          }
        />
      </View>
    </View>
    <Text
      className="absolute -top-7 text-xs font-semibold w-20 text-center"
      style={
        [
          {
            "color": "#fff",
            "textShadowColor": "rgba(0,0,0,0.5)",
            "textShadowOffset": {
              "height": 1,
              "width": 0,
            },
            "textShadowRadius": 2,
          },
          {},
        ]
      }
    >
      Item 1
    </Text>
  </View>
  <View
    className="absolute w-[52px] h-[52px] items-center justify-center"
    style={{}}
  >
    <View
      style={
        [
          {
            "elevation": 8,
            "shadowColor": "#000",
            "shadowOffset": {
              "height": 6,
              "width": 6,
            },
            "shadowOpacity": 0.3,
            "shadowRadius": 5,
          },
          {},
          {
            "alignItems": "center",
            "backgroundColor": "lightgray",
            "borderRadius": 26,
            "height": 52,
            "justifyContent": "center",
            "overflow": "hidden",
            "width": 52,
          },
        ]
      }
    >
      <ViewManagerAdapter_ExpoLinearGradient
        colors={
          [
            3875207930,
            231525580,
          ]
        }
        endPoint={
          [
            1,
            1,
          ]
        }
        locations={
          [
            0.3,
            1,
          ]
        }
        startPoint={
          [
            0,
            0,
          ]
        }
        style={
          {
            "bottom": 0,
            "left": 0,
            "position": "absolute",
            "right": 0,
            "top": 0,
          }
        }
      />
      <View
        style={
          [
            {
              "bottom": 0,
              "left": 0,
              "position": "absolute",
              "right": 0,
              "top": 0,
            },
            {},
          ]
        }
      >
        <ViewManagerAdapter_ExpoLinearGradient
          colors={
            [
              3875207930,
              231525580,
            ]
          }
          endPoint={
            [
              1,
              1,
            ]
          }
          locations={
            [
              0.5,
              1,
            ]
          }
          startPoint={
            [
              0,
              0,
            ]
          }
          style={
            {
              "flex": 1,
            }
          }
        />
      </View>
    </View>
    <Text
      className="absolute -top-7 text-xs font-semibold w-20 text-center"
      style={
        [
          {
            "color": "#fff",
            "textShadowColor": "rgba(0,0,0,0.5)",
            "textShadowOffset": {
              "height": 1,
              "width": 0,
            },
            "textShadowRadius": 2,
          },
          {},
        ]
      }
    >
      Item 2
    </Text>
  </View>
  <View>
    <View
      style={{}}
    >
      <View
        className="absolute inset-0"
        style={
          [
            {
              "backgroundColor": "lightgray",
              "borderRadius": 30,
            },
          ]
        }
      />
      <ViewManagerAdapter_ExpoLinearGradient
        colors={
          [
            3875207930,
            231525580,
          ]
        }
        endPoint={
          [
            1,
            1,
          ]
        }
        locations={
          [
            0.3,
            1,
          ]
        }
        startPoint={
          [
            0,
            0,
          ]
        }
        style={
          {
            "borderRadius": 30,
            "bottom": 0,
            "left": 0,
            "position": "absolute",
            "right": 0,
            "top": 0,
          }
        }
      />
      <View
        style={
          [
            {
              "borderRadius": 30,
              "bottom": 0,
              "left": 0,
              "overflow": "hidden",
              "position": "absolute",
              "right": 0,
              "top": 0,
            },
            {},
          ]
        }
      >
        <ViewManagerAdapter_ExpoLinearGradient
          colors={
            [
              3875207930,
              231525580,
            ]
          }
          endPoint={
            [
              1,
              1,
            ]
          }
          locations={
            [
              0.5,
              1,
            ]
          }
          startPoint={
            [
              0,
              0,
            ]
          }
          style={
            {
              "flex": 1,
            }
          }
        />
      </View>
    </View>
  </View>
</View>
`;
